// Jest Snapshot v1, https://goo.gl/fbAQLP

exports[`renders correctly 1`] = `
<RCTScrollView>
  <View>
    <View
      style={
        Object {
          "height": 106.72,
        }
      }
    />
    <View
      style={
        Object {
          "alignItems": "center",
          "backgroundColor": "#F2F2F2",
          "width": 750,
        }
      }
    >
      <Text
        accessible={true}
        allowFontScaling={true}
        ellipsizeMode="tail"
        style={
          Object {
            "color": "#000000",
            "fontSize": 32,
            "marginBottom": 10,
            "marginTop": 15,
            "textAlign": "center",
          }
        }
      >
        Add a demand
      </Text>
      <View
        style={
          Object {
            "alignItems": "center",
            "backgroundColor": "#FFFFFF",
            "width": 750,
          }
        }
      >
        <RCTScrollView>
          <View>
            <View>
              <View
                style={
                  Object {
                    "flexDirection": "row",
                    "justifyContent": "flex-start",
                    "width": 750,
                  }
                }
              >
                <View
                  style={
                    Object {
                      "alignItems": "center",
                      "borderColor": "#A4D04A",
                      "borderWidth": 1,
                      "height": 80.03999999999999,
                      "justifyContent": "center",
                      "width": 675,
                    }
                  }
                >
                  <Text
                    accessible={true}
                    allowFontScaling={true}
                    ellipsizeMode="tail"
                    style={
                      Object {
                        "color": "#000000",
                        "fontSize": 22,
                        "marginLeft": 15,
                        "marginRight": 15,
                      }
                    }
                  >
                    Step 1: Product information
                  </Text>
                </View>
                <View
                  style={
                    Object {
                      "alignItems": "center",
                      "backgroundColor": "#F2F2F2",
                      "borderColor": "#A4D04A",
                      "borderWidth": 1,
                      "height": 80.03999999999999,
                      "justifyContent": "center",
                      "width": 75,
                    }
                  }
                >
                  <Text
                    accessible={true}
                    allowFontScaling={true}
                    ellipsizeMode="tail"
                    onPress={[Function]}
                    style={
                      Object {
                        "color": "#000000",
                        "fontSize": 22,
                      }
                    }
                  >
                    2
                  </Text>
                </View>
                <View
                  style={
                    Object {
                      "backgroundColor": "#F2F2F2",
                      "flex": 1,
                    }
                  }
                />
              </View>
              <View
                style={
                  Object {
                    "alignItems": "flex-start",
                  }
                }
              >
                <TextInput
                  onChangeText={[Function]}
                  placeholder="Registry number (CAS or EC)*"
                  style={
                    Array [
                      Object {
                        "borderColor": "#000000",
                        "borderRadius": 3,
                        "borderWidth": 1,
                        "color": "grey",
                        "height": 106.72,
                        "marginTop": 15,
                        "width": 600,
                      },
                      Object {
                        "marginLeft": 75,
                      },
                    ]
                  }
                  underlineColorAndroid="transparent"
                  value=""
                />
                <View
                  style={
                    Object {
                      "flexDirection": "row",
                      "marginLeft": 75,
                    }
                  }
                >
                  <TextInput
                    onChangeText={[Function]}
                    placeholder="Product Name*"
                    style={
                      Array [
                        Object {
                          "borderColor": "#000000",
                          "borderRadius": 3,
                          "borderWidth": 1,
                          "color": "grey",
                          "height": 106.72,
                          "marginTop": 15,
                          "width": 600,
                        },
                        Object {
                          "width": 300,
                        },
                      ]
                    }
                    underlineColorAndroid="transparent"
                    value=""
                  />
                  <TextInput
                    onChangeText={[Function]}
                    placeholder="REACH Number"
                    style={
                      Array [
                        Object {
                          "borderColor": "#000000",
                          "borderRadius": 3,
                          "borderWidth": 1,
                          "color": "grey",
                          "height": 106.72,
                          "marginTop": 15,
                          "width": 600,
                        },
                        Object {
                          "marginLeft": 37.5,
                          "width": 262.5,
                        },
                      ]
                    }
                    underlineColorAndroid="transparent"
                    value=""
                  />
                </View>
                <View>
                  <TextInput
                    onChangeText={[Function]}
                    placeholder="Customs naming"
                    style={
                      Array [
                        Object {
                          "borderColor": "#000000",
                          "borderRadius": 3,
                          "borderWidth": 1,
                          "color": "grey",
                          "height": 106.72,
                          "marginTop": 15,
                          "width": 600,
                        },
                        Object {
                          "marginLeft": 75,
                          "width": 375,
                        },
                      ]
                    }
                    underlineColorAndroid="transparent"
                    value=""
                  />
                </View>
                <View>
                  <View
                    style={
                      Array [
                        Object {
                          "borderColor": "#000000",
                          "borderRadius": 3,
                          "borderWidth": 1,
                          "height": 106.72,
                          "marginTop": 15,
                          "width": 600,
                        },
                        Object {
                          "marginLeft": 75,
                          "width": 600,
                        },
                      ]
                    }
                  >
                    <View
                      style={
                        Object {
                          "color": "grey",
                          "marginTop": 0,
                        }
                      }
                    >
                      <RCTPicker
                        items={
                          Array [
                            Object {
                              "label": "Choose a category",
                              "textColor": undefined,
                              "value": "choose",
                            },
                            Object {
                              "label": "Products for cosmetics, flavorings and fragrances",
                              "textColor": undefined,
                              "value": "Products for cosmetics, flavorings and fragrances",
                            },
                            Object {
                              "label": "Solvents",
                              "textColor": undefined,
                              "value": "Solvents",
                            },
                            Object {
                              "label": "Regenerated solvents",
                              "textColor": undefined,
                              "value": "Regenerated solvents",
                            },
                            Object {
                              "label": "Reagents",
                              "textColor": undefined,
                              "value": "Reagents",
                            },
                            Object {
                              "label": "Catalysts",
                              "textColor": undefined,
                              "value": "Catalysts",
                            },
                            Object {
                              "label": "Chemical specialties",
                              "textColor": undefined,
                              "value": "Chemical specialties",
                            },
                            Object {
                              "label": "Intermediates",
                              "textColor": undefined,
                              "value": "Intermediates",
                            },
                            Object {
                              "label": "Simple intermediates",
                              "textColor": undefined,
                              "value": "Simple intermediates",
                            },
                            Object {
                              "label": "Acids",
                              "textColor": undefined,
                              "value": "Acids",
                            },
                            Object {
                              "label": "Bases",
                              "textColor": undefined,
                              "value": "Bases",
                            },
                            Object {
                              "label": "Amino acids",
                              "textColor": undefined,
                              "value": "Amino acids",
                            },
                            Object {
                              "label": "Vitamins",
                              "textColor": undefined,
                              "value": "Vitamins",
                            },
                            Object {
                              "label": "Others",
                              "textColor": undefined,
                              "value": "Others",
                            },
                          ]
                        }
                        onChange={[Function]}
                        onResponderTerminationRequest={[Function]}
                        onStartShouldSetResponder={[Function]}
                        selectedIndex={0}
                        style={
                          Array [
                            Object {
                              "height": 216,
                            },
                            undefined,
                          ]
                        }
                      />
                    </View>
                  </View>
                </View>
              </View>
              <View
                style={
                  Object {
                    "alignItems": "center",
                    "marginBottom": 400.2,
                  }
                }
              >
                <View
                  accessibilityComponentType={undefined}
                  accessibilityLabel={undefined}
                  accessibilityTraits={undefined}
                  accessible={true}
                  hasTVPreferredFocus={undefined}
                  hitSlop={undefined}
                  isTVSelectable={true}
                  onLayout={undefined}
                  onResponderGrant={[Function]}
                  onResponderMove={[Function]}
                  onResponderRelease={[Function]}
                  onResponderTerminate={[Function]}
                  onResponderTerminationRequest={[Function]}
                  onStartShouldSetResponder={[Function]}
                  style={
                    Array [
                      Object {
                        "backgroundColor": "transparent",
                      },
                      Array [
                        Object {
                          "borderRadius": 5,
                          "height": 66.7,
                          "justifyContent": "center",
                          "marginTop": 20,
                        },
                        Object {
                          "backgroundColor": "#A4D04A",
                          "width": 375,
                        },
                      ],
                    ]
                  }
                  testID={undefined}
                  tvParallaxProperties={undefined}
                >
                  <Text
                    accessible={true}
                    allowFontScaling={true}
                    ellipsizeMode="tail"
                    style={
                      Object {
                        "color": "white",
                        "fontSize": 20,
                        "textAlign": "center",
                      }
                    }
                  >
                    Next
                  </Text>
                </View>
              </View>
            </View>
          </View>
        </RCTScrollView>
      </View>
    </View>
  </View>
</RCTScrollView>
`;
