// Jest Snapshot v1, https://goo.gl/fbAQLP

exports[`renders correctly 1`] = `
<View
  style={
    Object {
      "backgroundColor": "#F2F2F2",
      "flex": 1,
      "marginTop": 106.72,
    }
  }
>
  <View
    style={
      Object {
        "alignItems": "center",
        "marginBottom": 15,
      }
    }
  >
    <BVLinearGradient
      colors={
        Array [
          4279783799,
          4294365330,
        ]
      }
      end={
        Object {
          "x": 1,
          "y": 1,
        }
      }
      locations={
        Array [
          0,
          1,
        ]
      }
      start={
        Object {
          "x": 0,
          "y": 1,
        }
      }
      style={
        Object {
          "flexDirection": "row",
          "paddingBottom": 15,
          "paddingTop": 15,
          "width": 750,
        }
      }
    >
      <View
        style={
          Object {
            "alignItems": "center",
            "alignSelf": "center",
            "width": 187.5,
          }
        }
      >
        <Image
          source={1}
          style={
            Object {
              "height": 70,
              "transform": Array [
                Object {
                  "rotate": "-25deg",
                },
              ],
              "width": 70,
            }
          }
        />
      </View>
      <Text
        accessible={true}
        allowFontScaling={true}
        ellipsizeMode="tail"
        style={
          Object {
            "color": "#333333",
            "fontSize": 25,
            "textAlign": "center",
            "width": 375,
          }
        }
      >
        What the press says
      </Text>
      <View
        style={
          Object {
            "alignItems": "center",
            "alignSelf": "center",
            "width": 187.5,
          }
        }
      >
        <Image
          source={1}
          style={
            Object {
              "height": 70,
              "width": 70,
            }
          }
        />
      </View>
    </BVLinearGradient>
  </View>
  <RCTScrollView>
    <View>
      <View
        style={
          Object {
            "alignItems": "center",
            "flexDirection": "column",
            "justifyContent": "center",
            "marginLeft": 22.5,
            "marginRight": 22.5,
          }
        }
      >
        <View
          style={
            Object {
              "alignItems": "center",
              "height": 112.5,
              "justifyContent": "center",
              "width": 750,
            }
          }
        >
          <View
            accessibilityComponentType={undefined}
            accessibilityLabel={undefined}
            accessibilityTraits={undefined}
            accessible={true}
            hasTVPreferredFocus={undefined}
            hitSlop={undefined}
            isTVSelectable={true}
            onLayout={undefined}
            onResponderGrant={[Function]}
            onResponderMove={[Function]}
            onResponderRelease={[Function]}
            onResponderTerminate={[Function]}
            onResponderTerminationRequest={[Function]}
            onStartShouldSetResponder={[Function]}
            style={
              Array [
                Object {
                  "backgroundColor": "transparent",
                },
                undefined,
              ]
            }
            testID={undefined}
            tvParallaxProperties={undefined}
          >
            <Image
              source={1}
              style={
                Object {
                  "height": 97.5,
                  "width": 450,
                }
              }
            />
          </View>
        </View>
        <View
          style={
            Object {
              "height": 150,
              "margin": 7.5,
              "width": 450,
            }
          }
        >
          <Text
            accessible={true}
            allowFontScaling={true}
            ellipsizeMode="tail"
            style={
              Object {
                "fontWeight": "bold",
                "textAlign": "center",
              }
            }
          >
            Info chimie magazine 
          </Text>
          <Text
            accessible={true}
            allowFontScaling={true}
            ellipsizeMode="tail"
            style={
              Object {
                "textAlign": "center",
              }
            }
          />
        </View>
      </View>
      <View
        style={
          Object {
            "alignItems": "center",
            "flexDirection": "column",
            "justifyContent": "center",
            "marginLeft": 22.5,
            "marginRight": 22.5,
          }
        }
      >
        <View
          style={
            Object {
              "alignItems": "center",
              "height": 112.5,
              "justifyContent": "center",
              "width": 750,
            }
          }
        >
          <View
            accessibilityComponentType={undefined}
            accessibilityLabel={undefined}
            accessibilityTraits={undefined}
            accessible={true}
            hasTVPreferredFocus={undefined}
            hitSlop={undefined}
            isTVSelectable={true}
            onLayout={undefined}
            onResponderGrant={[Function]}
            onResponderMove={[Function]}
            onResponderRelease={[Function]}
            onResponderTerminate={[Function]}
            onResponderTerminationRequest={[Function]}
            onStartShouldSetResponder={[Function]}
            style={
              Array [
                Object {
                  "backgroundColor": "transparent",
                },
                undefined,
              ]
            }
            testID={undefined}
            tvParallaxProperties={undefined}
          >
            <Image
              source={1}
              style={
                Object {
                  "height": 127.50000000000001,
                  "width": 360,
                }
              }
            />
          </View>
        </View>
        <View
          style={
            Object {
              "height": 150,
              "margin": 7.5,
              "width": 450,
            }
          }
        >
          <Text
            accessible={true}
            allowFontScaling={true}
            ellipsizeMode="tail"
            style={
              Object {
                "fontWeight": "bold",
                "textAlign": "center",
              }
            }
          >
            Eclaira  
          </Text>
          <Text
            accessible={true}
            allowFontScaling={true}
            ellipsizeMode="tail"
            style={
              Object {
                "textAlign": "center",
              }
            }
          >
            RMOpportunities winner of the first edition of LaFabrique contest by Aviva
          </Text>
        </View>
      </View>
      <View
        style={
          Object {
            "alignItems": "center",
            "flexDirection": "column",
            "justifyContent": "center",
            "marginLeft": 22.5,
            "marginRight": 22.5,
          }
        }
      >
        <View
          style={
            Object {
              "alignItems": "center",
              "height": 112.5,
              "justifyContent": "center",
              "width": 750,
            }
          }
        >
          <View
            accessibilityComponentType={undefined}
            accessibilityLabel={undefined}
            accessibilityTraits={undefined}
            accessible={true}
            hasTVPreferredFocus={undefined}
            hitSlop={undefined}
            isTVSelectable={true}
            onLayout={undefined}
            onResponderGrant={[Function]}
            onResponderMove={[Function]}
            onResponderRelease={[Function]}
            onResponderTerminate={[Function]}
            onResponderTerminationRequest={[Function]}
            onStartShouldSetResponder={[Function]}
            style={
              Array [
                Object {
                  "backgroundColor": "transparent",
                },
                undefined,
              ]
            }
            testID={undefined}
            tvParallaxProperties={undefined}
          >
            <Image
              source={1}
              style={
                Object {
                  "height": 112.5,
                  "width": 337.5,
                }
              }
            />
          </View>
        </View>
        <View
          style={
            Object {
              "height": 150,
              "margin": 7.5,
              "width": 450,
            }
          }
        >
          <Text
            accessible={true}
            allowFontScaling={true}
            ellipsizeMode="tail"
            style={
              Object {
                "fontWeight": "bold",
                "textAlign": "center",
              }
            }
          >
            CCI Paris Ile de France 
          </Text>
          <Text
            accessible={true}
            allowFontScaling={true}
            ellipsizeMode="tail"
            style={
              Object {
                "textAlign": "center",
              }
            }
          >
            Chemical innovation and sustainable development driven by RMOpportunities
          </Text>
        </View>
      </View>
      <View
        style={
          Object {
            "alignItems": "center",
            "flexDirection": "column",
            "justifyContent": "center",
            "marginLeft": 22.5,
            "marginRight": 22.5,
          }
        }
      >
        <View
          style={
            Object {
              "alignItems": "center",
              "height": 277.5,
              "justifyContent": "center",
              "width": 750,
            }
          }
        >
          <View
            accessibilityComponentType={undefined}
            accessibilityLabel={undefined}
            accessibilityTraits={undefined}
            accessible={true}
            hasTVPreferredFocus={undefined}
            hitSlop={undefined}
            isTVSelectable={true}
            onLayout={undefined}
            onResponderGrant={[Function]}
            onResponderMove={[Function]}
            onResponderRelease={[Function]}
            onResponderTerminate={[Function]}
            onResponderTerminationRequest={[Function]}
            onStartShouldSetResponder={[Function]}
            style={
              Array [
                Object {
                  "backgroundColor": "transparent",
                },
                undefined,
              ]
            }
            testID={undefined}
            tvParallaxProperties={undefined}
          >
            <Image
              source={1}
              style={
                Object {
                  "height": 277.5,
                  "width": 225,
                }
              }
            />
          </View>
        </View>
        <View
          style={
            Object {
              "height": 150,
              "margin": 7.5,
              "width": 450,
            }
          }
        >
          <Text
            accessible={true}
            allowFontScaling={true}
            ellipsizeMode="tail"
            style={
              Object {
                "fontWeight": "bold",
                "textAlign": "center",
              }
            }
          >
            Télécom Saint-Etienne  
          </Text>
          <Text
            accessible={true}
            allowFontScaling={true}
            ellipsizeMode="tail"
            style={
              Object {
                "textAlign": "center",
              }
            }
          >
            RMOpportunities wins the grand prize of the startup contest AVIVA
          </Text>
        </View>
      </View>
    </View>
  </RCTScrollView>
</View>
`;
