// Jest Snapshot v1, https://goo.gl/fbAQLP

exports[`renders correctly 1`] = `
<View
  style={
    Object {
      "backgroundColor": "#F2F2F2",
      "flex": 1,
    }
  }
>
  <View
    style={
      Object {
        "height": 106.72,
      }
    }
  />
  <View
    style={
      Object {
        "alignItems": "center",
        "justifyContent": "center",
        "marginTop": 53.36,
      }
    }
  >
    <View
      accessibilityComponentType={undefined}
      accessibilityLabel={undefined}
      accessibilityTraits={undefined}
      accessible={true}
      hasTVPreferredFocus={undefined}
      hitSlop={undefined}
      isTVSelectable={true}
      onLayout={undefined}
      onResponderGrant={[Function]}
      onResponderMove={[Function]}
      onResponderRelease={[Function]}
      onResponderTerminate={[Function]}
      onResponderTerminationRequest={[Function]}
      onStartShouldSetResponder={[Function]}
      style={
        Array [
          Object {
            "backgroundColor": "transparent",
          },
          Array [
            Object {
              "borderColor": "#A4D04A",
              "borderLeftWidth": 1,
              "borderRightWidth": 1,
              "borderWidth": 0.5,
              "height": 93.38000000000001,
              "justifyContent": "center",
              "width": 675,
            },
            Object {
              "backgroundColor": "#A4D04A",
              "borderTopLeftRadius": 5,
              "borderTopRightRadius": 5,
            },
          ],
        ]
      }
      testID={undefined}
      tvParallaxProperties={undefined}
    >
      <Text
        accessible={true}
        allowFontScaling={true}
        ellipsizeMode="tail"
        style={
          Object {
            "color": "white",
            "fontSize": 20,
            "textAlign": "center",
          }
        }
      >
        Toutes catégories 
      </Text>
    </View>
    <View
      style={
        Object {
          "borderColor": "#A4D04A",
          "borderLeftWidth": 1,
          "borderRightWidth": 1,
          "borderWidth": 0.5,
          "height": 93.38000000000001,
          "justifyContent": "center",
          "width": 675,
        }
      }
    >
      <Text
        accessible={true}
        allowFontScaling={true}
        ellipsizeMode="tail"
        style={
          Object {
            "fontSize": 20,
            "textAlign": "center",
          }
        }
      >
        Produits pour la cosmétique, les arômes et parfums
      </Text>
    </View>
    <View
      style={
        Object {
          "borderColor": "#A4D04A",
          "borderLeftWidth": 1,
          "borderRightWidth": 1,
          "borderWidth": 0.5,
          "height": 93.38000000000001,
          "justifyContent": "center",
          "width": 675,
        }
      }
    >
      <Text
        accessible={true}
        allowFontScaling={true}
        ellipsizeMode="tail"
        style={
          Object {
            "fontSize": 20,
            "textAlign": "center",
          }
        }
      >
        Slovants
      </Text>
    </View>
    <View
      style={
        Object {
          "borderColor": "#A4D04A",
          "borderLeftWidth": 1,
          "borderRightWidth": 1,
          "borderWidth": 0.5,
          "height": 93.38000000000001,
          "justifyContent": "center",
          "width": 675,
        }
      }
    >
      <Text
        accessible={true}
        allowFontScaling={true}
        ellipsizeMode="tail"
        style={
          Object {
            "fontSize": 20,
            "textAlign": "center",
          }
        }
      >
        Slovants regénérés 
      </Text>
    </View>
    <View
      style={
        Object {
          "borderColor": "#A4D04A",
          "borderLeftWidth": 1,
          "borderRightWidth": 1,
          "borderWidth": 0.5,
          "height": 93.38000000000001,
          "justifyContent": "center",
          "width": 675,
        }
      }
    >
      <Text
        accessible={true}
        allowFontScaling={true}
        ellipsizeMode="tail"
        style={
          Object {
            "fontSize": 20,
            "textAlign": "center",
          }
        }
      >
        Réactifs
      </Text>
    </View>
    <View
      style={
        Object {
          "borderColor": "#A4D04A",
          "borderLeftWidth": 1,
          "borderRightWidth": 1,
          "borderWidth": 0.5,
          "height": 93.38000000000001,
          "justifyContent": "center",
          "width": 675,
        }
      }
    >
      <Text
        accessible={true}
        allowFontScaling={true}
        ellipsizeMode="tail"
        style={
          Object {
            "fontSize": 20,
            "textAlign": "center",
          }
        }
      >
        Catalyseurs
      </Text>
    </View>
    <View
      style={
        Object {
          "borderColor": "#A4D04A",
          "borderLeftWidth": 1,
          "borderRightWidth": 1,
          "borderWidth": 0.5,
          "height": 93.38000000000001,
          "justifyContent": "center",
          "width": 675,
        }
      }
    >
      <Text
        accessible={true}
        allowFontScaling={true}
        ellipsizeMode="tail"
        style={
          Object {
            "fontSize": 20,
            "textAlign": "center",
          }
        }
      >
        Spécialités chimiques
      </Text>
    </View>
    <View
      style={
        Object {
          "borderColor": "#A4D04A",
          "borderLeftWidth": 1,
          "borderRightWidth": 1,
          "borderWidth": 0.5,
          "height": 93.38000000000001,
          "justifyContent": "center",
          "width": 675,
        }
      }
    >
      <Text
        accessible={true}
        allowFontScaling={true}
        ellipsizeMode="tail"
        style={
          Object {
            "fontSize": 20,
            "textAlign": "center",
          }
        }
      >
        Intermédiaires simples
      </Text>
    </View>
    <View
      style={
        Object {
          "borderColor": "#A4D04A",
          "borderLeftWidth": 1,
          "borderRightWidth": 1,
          "borderWidth": 0.5,
          "height": 93.38000000000001,
          "justifyContent": "center",
          "width": 675,
        }
      }
    >
      <Text
        accessible={true}
        allowFontScaling={true}
        ellipsizeMode="tail"
        style={
          Object {
            "fontSize": 20,
            "textAlign": "center",
          }
        }
      >
        Acides
      </Text>
    </View>
    <View
      style={
        Object {
          "borderColor": "#A4D04A",
          "borderLeftWidth": 1,
          "borderRightWidth": 1,
          "borderWidth": 0.5,
          "height": 93.38000000000001,
          "justifyContent": "center",
          "width": 675,
        }
      }
    >
      <Text
        accessible={true}
        allowFontScaling={true}
        ellipsizeMode="tail"
        style={
          Object {
            "fontSize": 20,
            "textAlign": "center",
          }
        }
      >
        Bases
      </Text>
    </View>
    <View
      style={
        Array [
          Object {
            "borderColor": "#A4D04A",
            "borderLeftWidth": 1,
            "borderRightWidth": 1,
            "borderWidth": 0.5,
            "height": 93.38000000000001,
            "justifyContent": "center",
            "width": 675,
          },
          Object {
            "borderBottomLeftRadius": 5,
            "borderBottomRightRadius": 5,
            "borderBottomWidth": 1,
          },
        ]
      }
    >
      <Text
        accessible={true}
        allowFontScaling={true}
        ellipsizeMode="tail"
        style={
          Object {
            "fontSize": 20,
            "textAlign": "center",
          }
        }
      >
        Acides aminés
      </Text>
    </View>
  </View>
</View>
`;
