// Jest Snapshot v1, https://goo.gl/fbAQLP

exports[`renders correctly 1`] = `
<RCTScrollView
  style={
    Object {
      "backgroundColor": "#F2F2F2",
    }
  }
>
  <View>
    <View
      style={
        Object {
          "height": 106.72,
        }
      }
    />
    <View
      style={
        Object {
          "alignItems": "center",
          "justifyContent": "center",
        }
      }
    >
      <Text
        accessible={true}
        allowFontScaling={true}
        ellipsizeMode="tail"
        style={
          Object {
            "fontSize": 25,
            "textAlign": "center",
          }
        }
      >
        Benzoate de sodium
      </Text>
      <Text
        accessible={true}
        allowFontScaling={true}
        ellipsizeMode="tail"
        style={
          Object {
            "color": "#D3D3D3",
          }
        }
      >
        Déposée le : 2nov.2016
      </Text>
      <Image
        source={1}
        style={
          Object {
            "alignItems": "center",
            "height": 262.5,
            "width": 525,
          }
        }
      />
      <Text
        accessible={true}
        allowFontScaling={true}
        ellipsizeMode="tail"
      >
        Note du créateur : 4.5/5 (2notes)
      </Text>
    </View>
    <View>
      <View>
        <View
          accessibilityComponentType={undefined}
          accessibilityLabel={undefined}
          accessibilityTraits={undefined}
          accessible={true}
          hasTVPreferredFocus={undefined}
          hitSlop={undefined}
          isTVSelectable={true}
          onLayout={undefined}
          onResponderGrant={[Function]}
          onResponderMove={[Function]}
          onResponderRelease={[Function]}
          onResponderTerminate={[Function]}
          onResponderTerminationRequest={[Function]}
          onStartShouldSetResponder={[Function]}
          style={
            Array [
              Object {
                "backgroundColor": "transparent",
              },
              undefined,
            ]
          }
          testID={undefined}
          tvParallaxProperties={undefined}
        >
          <Text
            accessible={true}
            allowFontScaling={true}
            ellipsizeMode="tail"
            style={
              Object {
                "fontSize": 20,
                "fontWeight": "bold",
                "marginLeft": 20,
                "marginTop": 75,
              }
            }
          >
            Produit
          </Text>
        </View>
        <View
          style={
            Object {
              "borderTopColor": "#A4D04A",
              "borderTopWidth": 2,
              "marginBottom": 1,
              "marginLeft": 20,
              "marginRight": 20,
              "marginTop": 10,
            }
          }
        />
        <View
          accessibilityComponentType={undefined}
          accessibilityLabel={undefined}
          accessibilityTraits={undefined}
          accessible={true}
          hasTVPreferredFocus={undefined}
          hitSlop={undefined}
          isTVSelectable={true}
          onLayout={undefined}
          onResponderGrant={[Function]}
          onResponderMove={[Function]}
          onResponderRelease={[Function]}
          onResponderTerminate={[Function]}
          onResponderTerminationRequest={[Function]}
          onStartShouldSetResponder={[Function]}
          style={
            Array [
              Object {
                "backgroundColor": "transparent",
              },
              undefined,
            ]
          }
          testID={undefined}
          tvParallaxProperties={undefined}
        >
          <Text
            accessible={true}
            allowFontScaling={true}
            ellipsizeMode="tail"
            style={
              Object {
                "fontSize": 20,
                "fontWeight": "bold",
                "marginLeft": 20,
                "marginTop": 75,
              }
            }
          >
            Informations complémentaires 
          </Text>
        </View>
        <View
          style={
            Object {
              "borderTopColor": "#A4D04A",
              "borderTopWidth": 2,
              "marginBottom": 1,
              "marginLeft": 20,
              "marginRight": 20,
              "marginTop": 10,
            }
          }
        />
        <View
          accessibilityComponentType={undefined}
          accessibilityLabel={undefined}
          accessibilityTraits={undefined}
          accessible={true}
          hasTVPreferredFocus={undefined}
          hitSlop={undefined}
          isTVSelectable={true}
          onLayout={undefined}
          onResponderGrant={[Function]}
          onResponderMove={[Function]}
          onResponderRelease={[Function]}
          onResponderTerminate={[Function]}
          onResponderTerminationRequest={[Function]}
          onStartShouldSetResponder={[Function]}
          style={
            Array [
              Object {
                "backgroundColor": "transparent",
              },
              undefined,
            ]
          }
          testID={undefined}
          tvParallaxProperties={undefined}
        >
          <Text
            accessible={true}
            allowFontScaling={true}
            ellipsizeMode="tail"
            style={
              Object {
                "fontSize": 20,
                "fontWeight": "bold",
                "marginLeft": 20,
                "marginTop": 75,
              }
            }
          >
            Description
          </Text>
        </View>
        <View
          style={
            Object {
              "borderTopColor": "#A4D04A",
              "borderTopWidth": 2,
              "marginBottom": 1,
              "marginLeft": 20,
              "marginRight": 20,
              "marginTop": 10,
            }
          }
        />
      </View>
    </View>
    <View
      style={
        Object {
          "alignItems": "center",
          "flexDirection": "column",
          "marginTop": 75,
        }
      }
    >
      <View
        accessibilityComponentType={undefined}
        accessibilityLabel={undefined}
        accessibilityTraits={undefined}
        accessible={true}
        hasTVPreferredFocus={undefined}
        hitSlop={undefined}
        isTVSelectable={true}
        onLayout={undefined}
        onResponderGrant={[Function]}
        onResponderMove={[Function]}
        onResponderRelease={[Function]}
        onResponderTerminate={[Function]}
        onResponderTerminationRequest={[Function]}
        onStartShouldSetResponder={[Function]}
        style={
          Array [
            Object {
              "backgroundColor": "transparent",
            },
            Array [
              Object {
                "borderRadius": 5,
                "height": 75,
                "justifyContent": "center",
                "marginBottom": 37.5,
                "width": 375,
              },
              Object {
                "backgroundColor": "#A4D04A",
              },
            ],
          ]
        }
        testID={undefined}
        tvParallaxProperties={undefined}
      >
        <Text
          accessible={true}
          allowFontScaling={true}
          ellipsizeMode="tail"
          style={
            Object {
              "color": "white",
              "fontSize": 15,
              "textAlign": "center",
            }
          }
        >
          Plus d information 
        </Text>
      </View>
      <View
        style={undefined}
      />
      <View
        accessibilityComponentType={undefined}
        accessibilityLabel={undefined}
        accessibilityTraits={undefined}
        accessible={true}
        hasTVPreferredFocus={undefined}
        hitSlop={undefined}
        isTVSelectable={true}
        onLayout={undefined}
        onResponderGrant={[Function]}
        onResponderMove={[Function]}
        onResponderRelease={[Function]}
        onResponderTerminate={[Function]}
        onResponderTerminationRequest={[Function]}
        onStartShouldSetResponder={[Function]}
        style={
          Array [
            Object {
              "backgroundColor": "transparent",
            },
            Array [
              Object {
                "borderRadius": 5,
                "height": 75,
                "justifyContent": "center",
                "marginBottom": 37.5,
                "width": 375,
              },
              Object {
                "backgroundColor": "rgb(0,160,220)",
              },
            ],
          ]
        }
        testID={undefined}
        tvParallaxProperties={undefined}
      >
        <Text
          accessible={true}
          allowFontScaling={true}
          ellipsizeMode="tail"
          style={
            Object {
              "color": "white",
              "fontSize": 15,
              "textAlign": "center",
            }
          }
        >
          Commencer les négociations
        </Text>
      </View>
    </View>
  </View>
</RCTScrollView>
`;
